<html>
<body>
<pre>
<h1>µVision Build Log</h1>
<h2>Tool Versions:</h2>
IDE-Version: ¦ÌVision V5.25.2.0
Copyright (C) 2018 ARM Ltd and ARM Germany GmbH. All rights reserved.
License Information: keil keil, keil, LIC=58545-GFZDY-2L7CT-R9TZP-W1ZV3-ZRPMQ
 
Tool Versions:
Toolchain:       MDK-ARM Plus  Version: 5.25.2.0
Toolchain Path:  C:\Keil_v5\ARM\ARMCC\Bin
C Compiler:      Armcc.exe V5.06 update 6 (build 750)
Assembler:       Armasm.exe V5.06 update 6 (build 750)
Linker/Locator:  ArmLink.exe V5.06 update 6 (build 750)
Library Manager: ArmAr.exe V5.06 update 6 (build 750)
Hex Converter:   FromElf.exe V5.06 update 6 (build 750)
CPU DLL:         SARMCM3.DLL V5.25.2.0
Dialog DLL:      DARMSTM.DLL V1.68.0.0
Target DLL:      STLink\ST-LINKIII-KEIL_SWO.dll V3.0.1.0
Dialog DLL:      TARMSTM.DLL V1.66.0.0
 
<h2>Project:</h2>
C:\Users\admin\Downloads\AT_INSTRUCT-main\gg_at_v1.3\USER\USART.uvprojx
Project File Date:  09/05/2022

<h2>Output:</h2>
*** Using Compiler 'V5.06 update 6 (build 750)', folder: 'C:\Keil_v5\ARM\ARMCC\Bin'
Build target 'USART'
compiling stm32f1xx_hal_msp.c...
compiling main.c...
compiling stm32f1xx_it.c...
assembling startup_stm32f103xe.s...
compiling system_stm32f1xx.c...
compiling stm32f1xx_hal.c...
compiling stm32f1xx_hal_cortex.c...
compiling stm32f1xx_hal_gpio_ex.c...
compiling stm32f1xx_hal_gpio.c...
compiling stm32f1xx_hal_dma.c...
compiling stm32f1xx_hal_pwr.c...
compiling stm32f1xx_hal_rcc_ex.c...
compiling stm32f1xx_hal_rcc.c...
compiling stm32f1xx_hal_uart.c...
compiling delay.c...
compiling stm32f1xx_hal_usart.c...
compiling sys.c...
compiling gg_at.c...
..\SYSTEM\gg_at\gg_at.c(218): warning:  #111-D: statement is unreachable
              break;
..\SYSTEM\gg_at\gg_at.c(231): warning:  #111-D: statement is unreachable
              break;
..\SYSTEM\gg_at\gg_at.c(244): warning:  #111-D: statement is unreachable
              break;
..\SYSTEM\gg_at\gg_at.c(257): warning:  #111-D: statement is unreachable
              break;
..\SYSTEM\gg_at\gg_at.c(270): warning:  #111-D: statement is unreachable
              break;
..\SYSTEM\gg_at\gg_at.c(283): warning:  #111-D: statement is unreachable
              break;
..\SYSTEM\gg_at\gg_at.c(296): warning:  #111-D: statement is unreachable
              break;
..\SYSTEM\gg_at\gg_at.c(309): warning:  #111-D: statement is unreachable
              break;
..\SYSTEM\gg_at\gg_at.c(322): warning:  #111-D: statement is unreachable
              break;
..\SYSTEM\gg_at\gg_at.c(335): warning:  #111-D: statement is unreachable
              break;
..\SYSTEM\gg_at\gg_at.c(348): warning:  #111-D: statement is unreachable
              break;
..\SYSTEM\gg_at\gg_at.c(203): warning:  #550-D: variable "p"  was set but never used
  	char *p;
..\SYSTEM\gg_at\gg_at.c(415): warning:  #1-D: last line of file ends without a newline
      
..\SYSTEM\gg_at\gg_at.c: 13 warnings, 0 errors
compiling usart.c...
compiling led.c...
compiling key.c...
linking...
Program Size: Code=7828 RO-data=360 RW-data=280 ZI-data=1920  
FromELF: creating hex file...
"..\OBJ\USART.axf" - 0 Error(s), 13 Warning(s).

<h2>Software Packages used:</h2>

Package Vendor: Keil
                http://www.keil.com/pack/Keil.STM32F1xx_DFP.2.3.0.pack
                Keil.STM32F1xx_DFP.2.3.0
                STMicroelectronics STM32F1 Series Device Support, Drivers and Examples

<h2>Collection of Component include folders:</h2>
  .\RTE\_USART
  C:\Keil_v5\ARM\PACK\Keil\STM32F1xx_DFP\2.3.0\Device\Include

<h2>Collection of Component Files used:</h2>
Build Time Elapsed:  00:00:40
</pre>
</body>
</html>
